{
  "id": 4,
  "createdOn": "2023-12-13T14:40:45.1890133Z",
  "lastUpdated": "2023-12-13T14:40:45.1912189Z",
  "orderStatus": "Created",
  "orderTotal": 99.9,
  "lineItems": [
    {
      "product": {
        "id": 5,
        "name": "Cheese Burger",
        "description": "Plain burger with cheese",
        "price": 9.99
      },
      "quantity": 10,
      "subTotal": 99.9
    }
  ]
}
