{
  "Id": 0,
  "CreatedOn": "2023-12-07T11:34:47.6907385Z",
  "LastUpdated": "2023-12-07T11:34:47.6907385Z",
  "OrderStatus": "Created",
  "OrderTotal": 0.0,
  "LineItems": [
    {
      "Product": {
        "Id": 2,
        "Name": "Chips",
        "Description": "Nothing more to say.",
        "Price": 2.99
      },
      "Quantity": 0,
      "SubTotal": 0.0
    }
  ]
}
