{
  "Id": 0,
  "CreatedOn": "2023-12-07T11:34:47.6768787Z",
  "LastUpdated": "2023-12-07T11:34:47.6768787Z",
  "OrderStatus": "Created",
  "OrderTotal": 0.0,
  "LineItems": [
    {
      "Product": {
        "Id": 1,
        "Name": "Fish",
        "Description": "Delicious and satisfying.",
        "Price": 5.99
      },
      "Quantity": 0,
      "SubTotal": 0.0
    },
    {
      "Product": {
        "Id": 2,
        "Name": "Chips",
        "Description": "Nothing more to say.",
        "Price": 2.99
      },
      "Quantity": 0,
      "SubTotal": 0.0
    },
    {
      "Product": {
        "Id": 5,
        "Name": "Cheese Burger",
        "Description": "Plain burger with cheese",
        "Price": 9.99
      },
      "Quantity": 0,
      "SubTotal": 0.0
    }
  ]
}
