{
  "Id": 0,
  "CreatedOn": "2023-12-07T11:34:47.4637623Z",
  "LastUpdated": "2023-12-07T11:34:47.4637623Z",
  "OrderStatus": "Created",
  "OrderTotal": 0.0,
  "LineItems": [
    {
      "Product": {
        "Id": 1,
        "Name": "Fish",
        "Description": "Delicious and satisfying.",
        "Price": 5.99
      },
      "Quantity": 0,
      "SubTotal": 0.0
    }
  ]
}
