{
  "type": "https://tools.ietf.org/html/rfc7231#section-6.5.1",
  "title": "One or more validation errors occurred.",
  "status": 400,
  "traceId": "00-dab8eddea23811a6c2ef9fb64a5b05a0-660b978aa96d6cac-00",
  "errors": {
    "lineItems[0].quantity": [
      "'quantity' must be greater than or equal to '0'."
    ]
  }
}
